# Please, don't change the idx

*[idx] 0 [engl] PRESS ANY KEY TO START [trans] APPUYEZ SUR UNE TOUCHE POUR DÉMARRER
*[idx] 1 [engl] Enter an event [trans] Compétition
*[idx] 2 [engl] Practice [trans] Entraînement
*[idx] 3 [engl] Configuration [trans] Configuration
*[idx] 4 [engl] Credits [trans] Crédits
*[idx] 5 [engl] Quit [trans] Quitter
*[idx] 6 [engl] Select an event [trans] Choisissez une compétition
*[idx] 7 [engl] Select a cup [trans] Choisissez une coupe
*[idx] 8 [engl] Back [trans] Retour
*[idx] 9 [engl] Continue [trans] Continuer
*[idx] 10 [engl] You cannot enter this cup yet
	[trans] Vous ne pouvez pas encore participer à cette coupe

*[idx] 11 [engl] Herring: [trans] Harengs :
*[idx] 12 [engl] Time: [trans] Temps :
*[idx] 13 [engl] Race! [trans] C'est parti !
*[idx] 14 [engl] seconds [trans] secondes
*[idx] 15 [engl] Ok [trans] Valider
*[idx] 16 [engl] Congratulations! You won the cup!
	[trans] Félicitations ! Vous avez remporté cette coupe !
*[idx] 17 [engl] You have reached level [trans] Vous avez atteint le niveau
*[idx] 18 [engl] Sorry, you didn't advance [trans] Désolé, vous n'avez pas avancé.
*[idx] 19 [engl] You don't have any lives left [trans] Il ne vous reste plus aucune vie.
*[idx] 20 [engl] Select a race [trans] Choisissez une course

*[idx] 21 [engl] Failed, -1 Tuxlive [trans] Échec, -1 Tuxlive
*[idx] 22 [engl] Success, +/- 0 Tuxlive [trans] Réussite, +/- 0 Tuxlive
*[idx] 23 [engl] Success, +1 Tuxlive [trans] Réussite, +1 Tuxlive
*[idx] 24 [engl] Success, +2 Tuxlive [trans] Réussite, +2 Tuxlive
*[idx] 25 [engl] Race aborted [trans] Course annulée
*[idx] 26 [engl] Score: [trans] Score :
*[idx] 27 [engl] points [trans] Points :

*[idx] 28 [engl] Cancel [trans] Annuler
*[idx] 29 [engl] Loading [trans] Chargement
*[idx] 30 [engl] Please wait... [trans] Veuillez patienter...

*[idx] 31 [engl] Fullscreen: [trans] Plein écran
*[idx] 32 [engl] Resolution: [trans] Résolution :
*[idx] 33 [engl] Music volume: [trans] Volume de la musique :
*[idx] 34 [engl] Sound volume: [trans] Volume des sons :
*[idx] 35 [engl] Language: [trans] Langue :
*[idx] 36 [engl] Level of detail: [trans] Niveau de détail :
*[idx] 37 [engl] Contributed by: [trans] Créé par :
*[idx] 38 [engl] Event: [trans] Compétition :
*[idx] 39 [engl] Cup: [trans] Coupe :
*[idx] 40 [engl] Race Over [trans] Course terminée

*[idx] 41 [engl] For more configuration options, please edit the
	[trans] Pour plus d'options de configuration, veuillez modifier le
*[idx] 42 [engl] file 'options.lst' and read the documentation.
	[trans] fichier « options.lst » et lire la documentation.
